=== Guardian AI API Verification ===

[1] Testing Health Check -> GET /
✅ MySQL connected to: smart_voice_alert
Status: 200
Body: {
  status: '✅ Guardian AI Backend is running',
  version: '1.0.0',
  timestamp: '2026-03-19T14:42:45.079Z'
}

[2] Generating Local JWT Token for Testing
✅ Token generated.

[3] Testing Events -> GET /events
Status: 500
Data: { error: 'เกิดข้อผิดพลาด' }

[4] Testing Devices -> GET /devices
Status: 500
Stats: { error: 'เกิดข้อผิดพลาด' }

[5] Testing Python AI script directly
Executing detect.py...
Python response: {"transcribed_text": "", "keyword_detected": null, "is_alert": false, "confidence": 0.0}
